[dotenv@17.2.3] injecting env (8) from .env -- tip: ­ƒöä add secrets lifecycle management: https://dotenvx.com/ops
[dotenv@17.2.3] injecting env (0) from .env -- tip: ­ƒæÑ sync secrets across teammates & machines: https://dotenvx.com/ops
Configuraci├│n de BD: {
  mode: 'DATABASE_URL',
  host: '(via URL)',
  port: '(via URL)',
  database: '(via URL)',
  user: '(via URL)',
  password: '***',
  ssl: 'disabled'
}
Iniciando test de paginaci├│n...
Llamando al controlador...
Conexi├│n a la base de datos exitosa.
node : [PDF][ERROR] 
generarHojaPedidoPdf: 
TypeError: Cannot 
read properties of 
null (reading 'close')
En línea: 1 Carácter: 
1
+ node 
test_pagination_v2.js 
> test_log.txt 2>&1
+ ~~~~~~~~~~~~~~~~~~~~
~~~~~~~~~~~~~~~~~~~~~~
~~~~
    + CategoryInfo    
          : NotSpeci  
  fied: ([PDF][ERRO   
 R] ge...eading 'c    
lose'):String) []    
, RemoteException
    + FullyQualifiedE 
   rrorId : NativeCo  
  mmandError
 
    at exports.generar
HojaPedidoPdf (C:\User
s\jonat\OneDrive\Deskt
op\arrendamiento\src\c
ontrollers\pdf.js:417:
19)
    at async runTest (
C:\Users\jonat\OneDriv
e\Desktop\arrendamient
o\test_pagination_v2.j
s:65:9)
Error status: 500 {
  error: 'No se pudo generar el PDF de hoja de pedido',
  details: "Cannot read properties of null (reading 'close')",
  stack: "TypeError: Cannot read properties of null (reading 'close')\n" +
    '    at exports.generarHojaPedidoPdf (C:\\Users\\jonat\\OneDrive\\Desktop\\arrendamiento\\src\\controllers\\pdf.js:417:19)\n' +
    '    at async runTest (C:\\Users\\jonat\\OneDrive\\Desktop\\arrendamiento\\test_pagination_v2.js:65:9)'
}
Controlador finalizado.
Test completado.
